../Core/Src/OLED.c:15:6:OLED_I2C_Init	112	static
../Core/Src/OLED.c:36:6:OLED_I2C_Start	8	static
../Core/Src/OLED.c:49:6:OLED_I2C_Stop	8	static
../Core/Src/OLED.c:61:6:OLED_I2C_SendByte	24	static
../Core/Src/OLED.c:79:6:OLED_WriteCommand	16	static
../Core/Src/OLED.c:93:6:OLED_WriteData	16	static
../Core/Src/OLED.c:108:6:OLED_SetCursor	16	static
../Core/Src/OLED.c:138:6:OLED_Clear	8	static
../Core/Src/OLED.c:147:6:OLED_Fill	24	static
../Core/Src/OLED.c:168:6:OLED_ShowChar	24	static
../Core/Src/OLED.c:190:6:OLED_ShowString	24	static
../Core/Src/OLED.c:203:10:OLED_Pow	24	static
../Core/Src/OLED.c:221:6:OLED_ShowNum	32	static
../Core/Src/OLED.c:238:6:OLED_ShowSignedNum	32	static
../Core/Src/OLED.c:266:6:OLED_ShowHexNum	24	static
../Core/Src/OLED.c:291:6:OLED_ShowBinNum	32	static
../Core/Src/OLED.c:303:6:Show_Bmp	40	static
../Core/Src/OLED.c:328:6:OLED_Init	16	static
